// Jest Snapshot v1, https://goo.gl/fbAQLP

exports[`circle circle accept point as center 1`] = `"<circle fill="red" r="233" stroke="none" cx="181" cy="191"/>"`;

exports[`circle circle normal method 1`] = `"<circle fill="red" cx="100" cy="150" r="165" stroke="none"/>"`;

exports[`circle doc empty doc 1`] = `"<svg width="200" height="250" viewBox="1 2 250 200" xmlns="http://www.w3.org/2000/svg"/>"`;

exports[`circle rect normal method 1`] = `"<rect fill="red" width="200" height="200" x="0" y="0" stroke="none"/>"`;

exports[`circle rect origin and size 1`] = `"<rect fill="red" stroke="none" x="0" y="1" width="3" height="7"/>"`;
